ets Jul 29 2019 12:21:46

rst:0x1 (POWERON_RESET),boot:0x13 (SPI_FAST_FLASH_BOOT)
configsip: 0, SPIWP:0xee
clk_drv:0x00,q_drv:0x00,d_drv:0x00,cs0_drv:0x00,hd_drv:0x00,wp_drv:0x00
mode:DIO, clock div:2
load:0x3fff0030,len:6280
load:0x40078000,len:15836
ho 0 tail 12 room 4
load:0x40080400,len:3920
entry 0x40080644
I (29) boot: ESP-IDF v5.5.5 2nd stage bootloader
I (29) boot: compile time Aug 24 2026 10:42:55
I (29) boot: Multicore bootloader
I (31) boot: chip revision: v3.1
I (33) boot.esp32: SPI Speed      : 40MHz
I (37) boot.esp32: SPI Mode       : DIO
I (41) boot.esp32: SPI Flash Size : 8MB
I (44) boot: Enabling RNG early entropy source...
I (49) boot: Partition Table:
I (51) boot: ## Label            Usage          Type ST Offset   Length
I (58) boot:  0 nvs              WiFi data        01 02 00009000 00006000
I (64) boot:  1 phy_init         RF data          01 01 0000f000 00001000
I (71) boot:  2 factory          factory app      00 00 00010000 00100000
I (77) boot: End of partition table
I (81) esp_image: segment 0: paddr=00010020 vaddr=3f400020 size=09b28h ( 39720) map
I (102) esp_image: segment 1: paddr=00019b50 vaddr=3ffb0000 size=0264ch (  9804) load
I (106) esp_image: segment 2: paddr=0001c1a4 vaddr=40080000 size=03e74h ( 15988) load
I (112) esp_image: segment 3: paddr=00020020 vaddr=400d0020 size=16bd8h ( 93144) map
I (145) esp_image: segment 4: paddr=00036c00 vaddr=40083e74 size=0768ch ( 30348) load
I (157) esp_image: segment 5: paddr=0003e294 vaddr=50000000 size=00020h (    32) load
I (163) boot: Loaded app from partition at offset 0x10000
I (163) boot: Disabling RNG early entropy source...
I (175) cpu_start: Multicore app
I (183) cpu_start: GPIO 3 and 1 are used as console UART I/O pins
I (183) cpu_start: Pro cpu start user code
I (183) cpu_start: cpu freq: 240000000 Hz
I (185) app_init: Application information:
I (189) app_init: Project name:     mbedtls_perf
I (193) app_init: App version:      v0.3.3-61-g2e322db
I (198) app_init: Compile time:     Aug 24 2026 18:13:50
I (203) app_init: ELF file SHA256:  7793ec5aa...
I (208) app_init: ESP-IDF:          v5.5.5
I (212) efuse_init: Min chip rev:     v0.0
I (215) efuse_init: Max chip rev:     v3.99 
I (219) efuse_init: Chip rev:         v3.1
I (223) heap_init: Initializing. RAM available for dynamic allocation:
I (230) heap_init: At 3FFAE6E0 len 00001920 (6 KiB): DRAM
I (235) heap_init: At 3FFB3088 len 0002CF78 (179 KiB): DRAM
I (240) heap_init: At 3FFE0440 len 00003AE0 (14 KiB): D/IRAM
I (245) heap_init: At 3FFE4350 len 0001BCB0 (111 KiB): D/IRAM
I (251) heap_init: At 4008B500 len 00014B00 (82 KiB): IRAM
I (257) spi_flash: detected chip: generic
I (260) spi_flash: flash io: dio
I (263) main_task: Started on CPU0
I (263) main_task: Calling app_main()
I (263) main_task: Returned from app_main()

[id] mbedtls=3.6.6 idf=v5.5.5 hw_mul=0 hw_exp=0 fixed_point=0 cpu_mhz=240 opt=mbedtls-Os core=1 free_internal=363044
[vec] d=C9AFA9D845BA75166B5C215767B1D6934E50C3DB36E89B127B8A622B120F6721
[vec] sig_r=EFD48B2AACB6A8FD1140DD9CD45E81D69D2C877B56AAF991C34D0EA84EAF3716
[vec] sig_s=F7CB1C942D657C41D436C7A1B6E29F65F3E900DBB9AFF4064DC4AB2F843ACDA8
[bench] name=ecdsa_verify_p256 bits=256 iters=1 reps=5 min_ns=251910000 mean_ns=251914000 max_ns=251918000 mul_calls_per_op=5817000 mul_ns_per_op=80269800 exp_calls_per_op=0 exp_ns_per_op=0 rc=0
[ok] wrap active (29085 mul calls during the verify bench)
[bench] name=ecp_mul_p256 bits=256 iters=1 reps=5 min_ns=117310000 mean_ns=117310000 max_ns=117310000 mul_calls_per_op=2905000 mul_ns_per_op=40502000 exp_calls_per_op=0 exp_ns_per_op=0 rc=0
[bench] name=mpi_inv_mod_p256 bits=256 iters=22 reps=5 min_ns=8664318 mean_ns=8664390 max_ns=8664409 mul_calls_per_op=0 mul_ns_per_op=0 exp_calls_per_op=0 exp_ns_per_op=0 rc=0
[bench] name=mpi_mul bits=256 iters=9090 reps=5 min_ns=9778 mean_ns=9778 max_ns=9779 mul_calls_per_op=0 mul_ns_per_op=0 exp_calls_per_op=0 exp_ns_per_op=0 rc=0
[bench] name=mpi_mul bits=512 iters=3773 reps=5 min_ns=29221 mean_ns=29221 max_ns=29221 mul_calls_per_op=0 mul_ns_per_op=0 exp_calls_per_op=0 exp_ns_per_op=0 rc=0
[bench] name=mpi_mul bits=1024 iters=1652 reps=5 min_ns=100801 mean_ns=100801 max_ns=100802 mul_calls_per_op=0 mul_ns_per_op=0 exp_calls_per_op=0 exp_ns_per_op=0 rc=0
[bench] name=mpi_mul bits=2048 iters=500 reps=5 min_ns=378736 mean_ns=378738 max_ns=378746 mul_calls_per_op=0 mul_ns_per_op=0 exp_calls_per_op=0 exp_ns_per_op=0 rc=0
[bench] name=mpi_mul bits=4096 iters=133 reps=5 min_ns=1467195 mean_ns=1467201 max_ns=1467225 mul_calls_per_op=0 mul_ns_per_op=0 exp_calls_per_op=0 exp_ns_per_op=0 rc=0
[bench] name=mpi_mul_hooked bits=256 iters=12500 reps=5 min_ns=12105 mean_ns=12105 max_ns=12105 mul_calls_per_op=1000 mul_ns_per_op=11306 exp_calls_per_op=0 exp_ns_per_op=0 rc=0
[bench] name=mpi_exp_mod_e65537 bits=2048 iters=3 reps=5 min_ns=61769000 mean_ns=61769400 max_ns=61771000 mul_calls_per_op=0 mul_ns_per_op=0 exp_calls_per_op=0 exp_ns_per_op=0 rc=0
[bench] name=mpi_exp_mod_e65537 bits=4096 iters=1 reps=5 min_ns=227029000 mean_ns=227029000 max_ns=227029000 mul_calls_per_op=0 mul_ns_per_op=0 exp_calls_per_op=0 exp_ns_per_op=0 rc=0
[done] free_internal=361556
