I (103) esp_image: segment 2: paddr=0001d88c vaddr=40374000 size001FE8 (7 KiB): RTCRAM
I (245) spi_flash: detected ESP-ROM:esp32s3-20210327
Build:Mar 27 2021
rst:0x15 (USB_UART_CHIP_RESET),boot:0x8 (SPI_FAST_FLASH_BOOT)
Saved PC:0x40048839
SPIWP:0xee
mode:DIO, clock div:2
load:0x3fce2820,len:0x14f0
load:0x403c8700,len:0xd24
load:0x403cb700,len:0x2eec
entry 0x403c8924
I (27) boot: ESP-IDF v5.5.5 2nd stage bootloader
I (27) boot: compile time Aug 24 2026 23:05:03
I (27) boot: Multicore bootloader
I (27) boot: chip revision: v0.2
I (30) boot: efuse block revision: v1.4
I (33) boot.esp32s3: Boot SPI Speed : 40MHz
I (37) boot.esp32s3: SPI Mode       : DIO
I (41) boot.esp32s3: SPI Flash Size : 8MB
I (45) boot: Enabling RNG early entropy source...
I (49) boot: Partition Table:
I (52) boot: ## Label            Usage          Type ST Offset   Length
I (58) boot:  0 nvs              WiFi data        01 02 00009000 00006000
I (65) boot:  1 phy_init         RF data          01 01 0000f000 00001000
I (71) boot:  2 factory          factory app      00 00 00010000 00100000
I (78) boot: End of partition table
I (81) esp_image: segment 0: paddr=00010020 vaddr=3c020020 size=0aacch ( 43724) map
I (99) esp_image: segment 1: paddr=0001aaf4 vaddr=3fc90d00 size=02d90h ( 11664) load
I (103) esp_image: segment 2: paddr=0001d88c vaddr=40374000 size=0278ch ( 10124) load
I (107) esp_image: segment 3: paddr=00020020 vaddr=42000020 size=18704h (100100) map
I (136) esp_image: segment 4: paddr=0003872c vaddr=4037678c size=0a500h ( 42240) load
I (149) esp_image: segment 5: paddr=00042c34 vaddr=50000000 size=00020h (    32) load
I (155) boot: Loaded app from partition at offset 0x10000
I (155) boot: Disabling RNG early entropy source...
I (167) cpu_start: Multicore app
I (176) cpu_start: GPIO 44 and 43 are used as console UART I/O pins
I (177) cpu_start: Pro cpu start user code
I (177) cpu_start: cpu freq: 240000000 Hz
I (178) app_init: Application information:
I (182) app_init: Project name:     mbedtls_perf
I (186) app_init: App version:      v0.3.3-67-g5014910
I (191) app_init: Compile time:     Aug 24 2026 23:03:37
I (196) app_init: ELF file SHA256:  136296c76...
I (200) app_init: ESP-IDF:          v5.5.5
I (204) efuse_init: Min chip rev:     v0.0
I (208) efuse_init: Max chip rev:     v0.99 
I (212) efuse_init: Chip rev:         v0.2
I (216) heap_init: Initializing. RAM available for dynamic allocation:
I (222) heap_init: At 3FC944D0 len 00055240 (340 KiB): RAM
I (227) heap_init: At 3FCE9710 len 00005724 (21 KiB): RAM
I (232) heap_init: At 3FCF0000 len 00008000 (32 KiB): DRAM
I (238) heap_init: At 600FE000 len 00001FE8 (7 KiB): RTCRAM
I (244) spi_flash: detected chip: generic
I (247) spi_flash: flash io: dio
W (250) spi_flash: Detected size(16384k) larger than the size in the binary image header(8192k). Using the size in the binary image header.
I (262) sleep_gpio: Configure to isolate all GPIO pins in sleep state
I (268) sleep_gpio: Enable automatic switching of GPIO sleep configuration
I (275) main_task: Started on CPU0
I (275) main_task: Calling app_main()
I (285) main_task: Returned from app_main()

[id] mbedtls=3.6.6 idf=v5.5.5 hw_mul=0 hw_exp=0 fixed_point=0 wrap=0 cpu_mhz=240 opt=mbedtls-Os core=1 free_internal=369784
[vec] d=C9AFA9D845BA75166B5C215767B1D6934E50C3DB36E89B127B8A622B120F6721
[vec] sig_r=EFD48B2AACB6A8FD1140DD9CD45E81D69D2C877B56AAF991C34D0EA84EAF3716
[vec] sig_s=F7CB1C942D657C41D436C7A1B6E29F65F3E900DBB9AFF4064DC4AB2F843ACDA8
[bench] name=ecdsa_verify_p256 bits=256 iters=1 reps=5 min_ns=189353000 mean_ns=189383000 max_ns=189412000 mul_calls_per_op=0 mul_ns_per_op=0 exp_calls_per_op=0 exp_ns_per_op=0 rc=0
[ok] no-wrap control build: hooks are not linked, so every call count and mul_ns_per_op below reads zero by construction. Timings here carry no instrumentation.
[bench] name=ecp_mul_p256 bits=256 iters=2 reps=5 min_ns=87397500 mean_ns=87400100 max_ns=87406500 mul_calls_per_op=0 mul_ns_per_op=0 exp_calls_per_op=0 exp_ns_per_op=0 rc=0
[bench] name=mpi_inv_mod_p256 bits=256 iters=26 reps=5 min_ns=7401461 mean_ns=7401492 max_ns=7401615 mul_calls_per_op=0 mul_ns_per_op=0 exp_calls_per_op=0 exp_ns_per_op=0 rc=0
[bench] name=mpi_mul bits=256 iters=2150 reps=5 min_ns=7302 mean_ns=7303 max_ns=7305 mul_calls_per_op=0 mul_ns_per_op=0 exp_calls_per_op=0 exp_ns_per_op=0 rc=0
[bench] name=mpi_mul bits=512 iters=5714 reps=5 min_ns=20643 mean_ns=20643 max_ns=20644 mul_calls_per_op=0 mul_ns_per_op=0 exp_calls_per_op=0 exp_ns_per_op=0 rc=0
[bench] name=mpi_mul bits=1024 iters=2325 reps=5 min_ns=69336 mean_ns=69336 max_ns=69336 mul_calls_per_op=0 mul_ns_per_op=0 exp_calls_per_op=0 exp_ns_per_op=0 rc=0
[bench] name=mpi_mul bits=2048 iters=746 reps=5 min_ns=254766 mean_ns=254767 max_ns=254768 mul_calls_per_op=0 mul_ns_per_op=0 exp_calls_per_op=0 exp_ns_per_op=0 rc=0
[bench] name=mpi_mul bits=4096 iters=201 reps=5 min_ns=977800 mean_ns=977804 max_ns=977820 mul_calls_per_op=0 mul_ns_per_op=0 exp_calls_per_op=0 exp_ns_per_op=0 rc=0
[bench] name=mpi_mul_hooked bits=256 iters=12500 reps=5 min_ns=8508 mean_ns=8508 max_ns=8508 mul_calls_per_op=0 mul_ns_per_op=0 exp_calls_per_op=0 exp_ns_per_op=0 rc=0
[bench] name=mpi_exp_mod_e65537 bits=2048 iters=4 reps=5 min_ns=42636500 mean_ns=42637850 max_ns=42642250 mul_calls_per_op=0 mul_ns_per_op=0 exp_calls_per_op=0 exp_ns_per_op=0 rc=0
[bench] name=mpi_exp_mod_e65537 bits=4096 iters=1 reps=5 min_ns=154324000 mean_ns=154325000 max_ns=154329000 mul_calls_per_op=0 mul_ns_per_op=0 exp_calls_per_op=0 exp_ns_per_op=0 rc=0
[done] free_internal=368308
