I (103) esp_image: segment 2: paddr=0001cc94 vaddr=40374000 sizebinary image header(8192k). Using the size in the binary imESP-ROM:esp32s3-20210327
Build:Mar 27 2021
rst:0x15 (USB_UART_CHIP_RESET),boot:0x8 (SPI_FAST_FLASH_BOOT)
Saved PC:0x40048839
SPIWP:0xee
mode:DIO, clock div:2
load:0x3fce2820,len:0x14f0
load:0x403c8700,len:0xda0
load:0x403cb700,len:0x2f54
entry 0x403c8908
I (27) boot: ESP-IDF v6.0.2 2nd stage bootloader
I (27) boot: compile time Aug 24 2026 22:59:54
I (27) boot: Multicore bootloader
I (27) boot: chip revision: v0.2
I (30) boot: efuse block revision: v1.4
I (34) boot.esp32s3: Boot SPI Speed : 40MHz
I (37) boot.esp32s3: SPI Mode       : DIO
I (41) boot.esp32s3: SPI Flash Size : 8MB
I (45) boot: Enabling RNG early entropy source...
I (49) boot: Partition Table:
I (52) boot: ## Label            Usage          Type ST Offset   Length
I (58) boot:  0 nvs              WiFi data        01 02 00009000 00006000
I (65) boot:  1 phy_init         RF data          01 01 0000f000 00001000
I (71) boot:  2 factory          factory app      00 00 00010000 00100000
I (78) boot: End of partition table
I (81) esp_image: segment 0: paddr=00010020 vaddr=3c020020 size=09d54h ( 40276) map
I (99) esp_image: segment 1: paddr=00019d7c vaddr=3fc8ed00 size=02f10h ( 12048) load
I (103) esp_image: segment 2: paddr=0001cc94 vaddr=40374000 size=03384h ( 13188) load
I (108) esp_image: segment 3: paddr=00020020 vaddr=42000020 size=159d4h ( 88532) map
I (133) esp_image: segment 4: paddr=000359fc vaddr=40377384 size=07878h ( 30840) load
I (143) esp_image: segment 5: paddr=0003d27c vaddr=50000000 size=00024h (    36) load
I (148) boot: Loaded app from partition at offset 0x10000
I (148) boot: Disabling RNG early entropy source...
I (161) cpu_start: Multicore app
I (169) cpu_start: GPIO 44 and 43 are used as console UART I/O pins
I (170) cpu_start: Pro cpu start user code
I (170) cpu_start: cpu freq: 240000000 Hz
I (172) app_init: Application information:
I (176) app_init: Project name:     mbedtls_perf
I (180) app_init: App version:      v0.3.3-67-g5014910
I (185) app_init: Compile time:     Aug 24 2026 22:58:46
I (190) app_init: ELF file SHA256:  5265614cd...
I (194) app_init: ESP-IDF:          v6.0.2
I (198) efuse_init: Min chip rev:     v0.0
I (202) efuse_init: Max chip rev:     v0.99 
I (206) efuse_init: Chip rev:         v0.2
I (210) heap_init: Initializing. RAM available for dynamic allocation:
I (216) heap_init: At 3FC92710 len 00057000 (348 KiB): RAM
I (221) heap_init: At 3FCE9710 len 00005724 (21 KiB): RAM
I (226) heap_init: At 3FCF0000 len 00008000 (32 KiB): DRAM
I (231) heap_init: At 600FE000 len 00001FE8 (7 KiB): RTCRAM
I (238) spi_flash: detected chip: generic
I (240) spi_flash: flash io: dio
W (243) spi_flash: Detected size(16384k) larger than the size in the binary image header(8192k). Using the size in the binary image header.
I (256) sleep_gpio: Configure to isolate all GPIO pins in sleep state
I (262) sleep_gpio: Enable automatic switching of GPIO sleep configuration
I (269) main_task: Started on CPU0
I (269) main_task: Calling app_main()
I (279) main_task: Returned from app_main()

[id] mbedtls=4.1.0 idf=v6.0.2 hw_mul=0 hw_exp=0 fixed_point=0 wrap=0 cpu_mhz=240 opt=mbedtls-Os core=1 free_internal=378304
[vec] d=C9AFA9D845BA75166B5C215767B1D6934E50C3DB36E89B127B8A622B120F6721
[vec] sig_r=EFD48B2AACB6A8FD1140DD9CD45E81D69D2C877B56AAF991C34D0EA84EAF3716
[vec] sig_s=F7CB1C942D657C41D436C7A1B6E29F65F3E900DBB9AFF4064DC4AB2F843ACDA8
[bench] name=ecdsa_verify_p256 bits=256 iters=1 reps=5 min_ns=266943000 mean_ns=266973600 max_ns=267007000 mul_calls_per_op=0 mul_ns_per_op=0 exp_calls_per_op=0 exp_ns_per_op=0 rc=0
[ok] no-wrap control build: hooks are not linked, so every call count and mul_ns_per_op below reads zero by construction. Timings here carry no instrumentation.
[bench] name=ecp_mul_p256 bits=256 iters=1 reps=5 min_ns=122216000 mean_ns=122220200 max_ns=122233000 mul_calls_per_op=0 mul_ns_per_op=0 exp_calls_per_op=0 exp_ns_per_op=0 rc=0
[bench] name=mpi_inv_mod_p256 bits=256 iters=18 reps=5 min_ns=10681666 mean_ns=10681733 max_ns=10681944 mul_calls_per_op=0 mul_ns_per_op=0 exp_calls_per_op=0 exp_ns_per_op=0 rc=0
[bench] name=mpi_mul bits=256 iters=2985 reps=5 min_ns=8745 mean_ns=8745 max_ns=8747 mul_calls_per_op=0 mul_ns_per_op=0 exp_calls_per_op=0 exp_ns_per_op=0 rc=0
[bench] name=mpi_mul bits=512 iters=5128 reps=5 min_ns=23554 mean_ns=23554 max_ns=23554 mul_calls_per_op=0 mul_ns_per_op=0 exp_calls_per_op=0 exp_ns_per_op=0 rc=0
[bench] name=mpi_mul bits=1024 iters=2222 reps=5 min_ns=75779 mean_ns=75779 max_ns=75782 mul_calls_per_op=0 mul_ns_per_op=0 exp_calls_per_op=0 exp_ns_per_op=0 rc=0
[bench] name=mpi_mul bits=2048 iters=694 reps=5 min_ns=270675 mean_ns=270676 max_ns=270681 mul_calls_per_op=0 mul_ns_per_op=0 exp_calls_per_op=0 exp_ns_per_op=0 rc=0
[bench] name=mpi_mul bits=4096 iters=192 reps=5 min_ns=1022250 mean_ns=1022255 max_ns=1022276 mul_calls_per_op=0 mul_ns_per_op=0 exp_calls_per_op=0 exp_ns_per_op=0 rc=0
[bench] name=mpi_mul_hooked bits=256 iters=14285 reps=5 min_ns=9796 mean_ns=9796 max_ns=9796 mul_calls_per_op=0 mul_ns_per_op=0 exp_calls_per_op=0 exp_ns_per_op=0 rc=0
[bench] name=mpi_exp_mod_e65537 bits=2048 iters=3 reps=5 min_ns=54957000 mean_ns=54958400 max_ns=54964000 mul_calls_per_op=0 mul_ns_per_op=0 exp_calls_per_op=0 exp_ns_per_op=0 rc=0
[bench] name=mpi_exp_mod_e65537 bits=4096 iters=1 reps=5 min_ns=189771000 mean_ns=189771800 max_ns=189775000 mul_calls_per_op=0 mul_ns_per_op=0 exp_calls_per_op=0 exp_ns_per_op=0 rc=0
[done] free_internal=376596
