ets Jul 29 2019 12:21:46

rst:0x1 (POWERON_RESET),boot:0x13 (SPI_FAST_FLASH_BOOT)
configsip: 0, SPIWP:0xee
clk_drv:0x00,q_drv:0x00,d_drv:0x00,cs0_drv:0x00,hd_drv:0x00,wp_drv:0x00
mode:DIO, clock div:2
load:0x3fff0040,len:6272
load:0x40078000,len:15820
load:0x40080400,len:3920
entry 0x40080644
I (27) boot: ESP-IDF v6.0.2-dirty 2nd stage bootloader
I (27) boot: compile time Aug 24 2026 20:04:40
I (28) boot: Multicore bootloader
I (29) boot: chip revision: v3.1
I (32) boot.esp32: SPI Speed      : 40MHz
I (36) boot.esp32: SPI Mode       : DIO
I (39) boot.esp32: SPI Flash Size : 8MB
I (43) boot: Enabling RNG early entropy source...
I (47) boot: Partition Table:
I (50) boot: ## Label            Usage          Type ST Offset   Length
I (56) boot:  0 nvs              WiFi data        01 02 00009000 00006000
I (63) boot:  1 phy_init         RF data          01 01 0000f000 00001000
I (69) boot:  2 factory          factory app      00 00 00010000 00100000
I (76) boot: End of partition table
I (79) esp_image: segment 0: paddr=00010020 vaddr=3f400020 size=09108h ( 37128) map
I (100) esp_image: segment 1: paddr=00019130 vaddr=3ffb0000 size=02824h ( 10276) load
I (104) esp_image: segment 2: paddr=0001b95c vaddr=40080000 size=046bch ( 18108) load
I (112) esp_image: segment 3: paddr=00020020 vaddr=400d0020 size=1499ch ( 84380) map
I (142) esp_image: segment 4: paddr=000349c4 vaddr=400846bc size=04f68h ( 20328) load
I (151) esp_image: segment 5: paddr=00039934 vaddr=50000000 size=00028h (    40) load
I (156) boot: Loaded app from partition at offset 0x10000
I (156) boot: Disabling RNG early entropy source...
I (170) cpu_start: Multicore app
I (178) cpu_start: GPIO 3 and 1 are used as console UART I/O pins
I (178) cpu_start: Pro cpu start user code
I (178) cpu_start: cpu freq: 240000000 Hz
I (180) app_init: Application information:
I (184) app_init: Project name:     mbedtls_perf
I (188) app_init: App version:      v0.3.3-62-ga8f7b2b-dirty
I (194) app_init: Compile time:     Aug 24 2026 20:03:42
I (199) app_init: ELF file SHA256:  5625f910c...
I (203) app_init: ESP-IDF:          v6.0.2-dirty
I (208) efuse_init: Min chip rev:     v0.0
I (211) efuse_init: Max chip rev:     v3.99 
I (215) efuse_init: Chip rev:         v3.1
I (219) heap_init: Initializing. RAM available for dynamic allocation:
I (226) heap_init: At 3FFAE6E0 len 00001920 (6 KiB): DRAM
I (231) heap_init: At 3FFB3338 len 0002CCC8 (179 KiB): DRAM
I (236) heap_init: At 3FFE0440 len 00003AE0 (14 KiB): D/IRAM
I (241) heap_init: At 3FFE4350 len 0001BCB0 (111 KiB): D/IRAM
I (247) heap_init: At 40089624 len 000169DC (90 KiB): IRAM
I (253) spi_flash: detected chip: generic
I (256) spi_flash: flash io: dio
I (260) main_task: Started on CPU0
I (260) main_task: Calling app_main()
I (260) main_task: Returned from app_main()

[id] mbedtls=4.1.0 idf=v6.0.2-dirty hw_mul=0 hw_exp=0 fixed_point=0 wrap=0 cpu_mhz=240 opt=mbedtls-Os core=1 free_internal=371000
[vec] d=C9AFA9D845BA75166B5C215767B1D6934E50C3DB36E89B127B8A622B120F6721
[vec] sig_r=EFD48B2AACB6A8FD1140DD9CD45E81D69D2C877B56AAF991C34D0EA84EAF3716
[vec] sig_s=F7CB1C942D657C41D436C7A1B6E29F65F3E900DBB9AFF4064DC4AB2F843ACDA8
[bench] name=ecdsa_verify_p256 bits=256 iters=1 reps=5 min_ns=235648000 mean_ns=235658600 max_ns=235689000 mul_calls_per_op=0 mul_ns_per_op=0 exp_calls_per_op=0 exp_ns_per_op=0 rc=0
[ok] no-wrap control build: hooks are not linked, so every call count and mul_ns_per_op below reads zero by construction. Timings here carry no instrumentation.
[bench] name=ecp_mul_p256 bits=256 iters=1 reps=5 min_ns=110485000 mean_ns=110495400 max_ns=110510000 mul_calls_per_op=0 mul_ns_per_op=0 exp_calls_per_op=0 exp_ns_per_op=0 rc=0
[bench] name=mpi_inv_mod_p256 bits=256 iters=26 reps=5 min_ns=7328346 mean_ns=7328376 max_ns=7328500 mul_calls_per_op=0 mul_ns_per_op=0 exp_calls_per_op=0 exp_ns_per_op=0 rc=0
[bench] name=mpi_mul bits=256 iters=4444 reps=5 min_ns=9666 mean_ns=9666 max_ns=9666 mul_calls_per_op=0 mul_ns_per_op=0 exp_calls_per_op=0 exp_ns_per_op=0 rc=0
[bench] name=mpi_mul bits=512 iters=3508 reps=5 min_ns=29071 mean_ns=29071 max_ns=29074 mul_calls_per_op=0 mul_ns_per_op=0 exp_calls_per_op=0 exp_ns_per_op=0 rc=0
[bench] name=mpi_mul bits=1024 iters=1550 reps=5 min_ns=101047 mean_ns=101049 max_ns=101055 mul_calls_per_op=0 mul_ns_per_op=0 exp_calls_per_op=0 exp_ns_per_op=0 rc=0
[bench] name=mpi_mul bits=2048 iters=492 reps=5 min_ns=381508 mean_ns=381514 max_ns=381530 mul_calls_per_op=0 mul_ns_per_op=0 exp_calls_per_op=0 exp_ns_per_op=0 rc=0
[bench] name=mpi_mul bits=4096 iters=132 reps=5 min_ns=1481000 mean_ns=1481025 max_ns=1481090 mul_calls_per_op=0 mul_ns_per_op=0 exp_calls_per_op=0 exp_ns_per_op=0 rc=0
[bench] name=mpi_mul_hooked bits=256 iters=8695 reps=5 min_ns=10858 mean_ns=10858 max_ns=10859 mul_calls_per_op=0 mul_ns_per_op=0 exp_calls_per_op=0 exp_ns_per_op=0 rc=0
[bench] name=mpi_exp_mod_e65537 bits=2048 iters=3 reps=5 min_ns=62317000 mean_ns=62318400 max_ns=62320000 mul_calls_per_op=0 mul_ns_per_op=0 exp_calls_per_op=0 exp_ns_per_op=0 rc=0
[bench] name=mpi_exp_mod_e65537 bits=4096 iters=1 reps=5 min_ns=229496000 mean_ns=229500000 max_ns=229504000 mul_calls_per_op=0 mul_ns_per_op=0 exp_calls_per_op=0 exp_ns_per_op=0 rc=0
[done] free_internal=369284
