I (103) esp_image: segment 2: paddr=0001ce34 vaddr=40374000 size000 len 00001FE8 (7 KiB): RTCRAM
I (240) spi_flash: detected cESP-ROM:esp32s3-20210327
Build:Mar 27 2021
rst:0x15 (USB_UART_CHIP_RESET),boot:0x8 (SPI_FAST_FLASH_BOOT)
Saved PC:0x4004883e
SPIWP:0xee
mode:DIO, clock div:2
load:0x3fce2820,len:0x14f0
load:0x403c8700,len:0xda0
load:0x403cb700,len:0x2f54
entry 0x403c8908
I (27) boot: ESP-IDF v6.0.2 2nd stage bootloader
I (27) boot: compile time Aug 24 2026 22:59:54
I (27) boot: Multicore bootloader
I (27) boot: chip revision: v0.2
I (30) boot: efuse block revision: v1.4
I (34) boot.esp32s3: Boot SPI Speed : 40MHz
I (37) boot.esp32s3: SPI Mode       : DIO
I (41) boot.esp32s3: SPI Flash Size : 8MB
I (45) boot: Enabling RNG early entropy source...
I (49) boot: Partition Table:
I (52) boot: ## Label            Usage          Type ST Offset   Length
I (58) boot:  0 nvs              WiFi data        01 02 00009000 00006000
I (65) boot:  1 phy_init         RF data          01 01 0000f000 00001000
I (71) boot:  2 factory          factory app      00 00 00010000 00100000
I (78) boot: End of partition table
I (81) esp_image: segment 0: paddr=00010020 vaddr=3c020020 size=09ef4h ( 40692) map
I (99) esp_image: segment 1: paddr=00019f1c vaddr=3fc8ed00 size=02f10h ( 12048) load
I (103) esp_image: segment 2: paddr=0001ce34 vaddr=40374000 size=031e4h ( 12772) load
I (107) esp_image: segment 3: paddr=00020020 vaddr=42000020 size=15b4ch ( 88908) map
I (133) esp_image: segment 4: paddr=00035b74 vaddr=403771e4 size=07a18h ( 31256) load
I (143) esp_image: segment 5: paddr=0003d594 vaddr=50000000 size=00024h (    36) load
I (149) boot: Loaded app from partition at offset 0x10000
I (149) boot: Disabling RNG early entropy source...
I (161) cpu_start: Multicore app
I (170) cpu_start: GPIO 44 and 43 are used as console UART I/O pins
I (171) cpu_start: Pro cpu start user code
I (171) cpu_start: cpu freq: 240000000 Hz
I (172) app_init: Application information:
I (176) app_init: Project name:     mbedtls_perf
I (180) app_init: App version:      v0.3.3-95-g51547ec-dirty
I (185) app_init: Compile time:     Aug 30 2026 11:21:16
I (191) app_init: ELF file SHA256:  b2ccdd4f1...
I (195) app_init: ESP-IDF:          v6.0.2-dirty
I (199) efuse_init: Min chip rev:     v0.0
I (203) efuse_init: Max chip rev:     v0.99 
I (207) efuse_init: Chip rev:         v0.2
I (211) heap_init: Initializing. RAM available for dynamic allocation:
I (217) heap_init: At 3FC927B0 len 00056F60 (347 KiB): RAM
I (222) heap_init: At 3FCE9710 len 00005724 (21 KiB): RAM
I (227) heap_init: At 3FCF0000 len 00008000 (32 KiB): DRAM
I (233) heap_init: At 600FE000 len 00001FE8 (7 KiB): RTCRAM
I (239) spi_flash: detected chip: generic
I (242) spi_flash: flash io: dio
W (245) spi_flash: Detected size(16384k) larger than the size in the binary image header(8192k). Using the size in the binary image header.
I (257) sleep_gpio: Configure to isolate all GPIO pins in sleep state
I (263) sleep_gpio: Enable automatic switching of GPIO sleep configuration
I (270) main_task: Started on CPU0
I (270) main_task: Calling app_main()
I (280) main_task: Returned from app_main()

[id] mbedtls=4.1.0 idf=v6.0.2-dirty hw_mul=0 hw_exp=0 fixed_point=0 wrap=0 cpu_mhz=240 opt=mbedtls-Os core=1 free_internal=378144
[vec] d=C9AFA9D845BA75166B5C215767B1D6934E50C3DB36E89B127B8A622B120F6721
[vec] sig_r=EFD48B2AACB6A8FD1140DD9CD45E81D69D2C877B56AAF991C34D0EA84EAF3716
[vec] sig_s=F7CB1C942D657C41D436C7A1B6E29F65F3E900DBB9AFF4064DC4AB2F843ACDA8
[vec] sig384_r=ABCCC2AE1048B40BFA4E9F251FCA293F993B591897D5C85703F8883868BC7530182739F0C625F77E7F4073F91906759F
[vec] sig384_s=553C1A04BDC6DE6E164EA7C09C1E2D8FB4A35F1773CAF82FBED80E7F1B7BF15B09F6B1C6AA4FEECCDCAA0C0924B7EF61
[bench] name=ecdsa_verify_p256 bits=256 iters=1 reps=5 min_ns=267075000 mean_ns=267106000 max_ns=267148000 mul_calls_per_op=0 mul_ns_per_op=0 exp_calls_per_op=0 exp_ns_per_op=0 rc=0
[ok] no-wrap control build: hooks are not linked, so every call count and mul_ns_per_op below reads zero by construction. Timings here carry no instrumentation.
[bench] name=ecp_mul_p256 bits=256 iters=1 reps=5 min_ns=122536000 mean_ns=122555400 max_ns=122600000 mul_calls_per_op=0 mul_ns_per_op=0 exp_calls_per_op=0 exp_ns_per_op=0 rc=0
[bench] name=ecdsa_verify_p384 bits=384 iters=1 reps=5 min_ns=555086000 mean_ns=555607600 max_ns=555983000 mul_calls_per_op=0 mul_ns_per_op=0 exp_calls_per_op=0 exp_ns_per_op=0 rc=0
[bench] name=ecp_mul_p384 bits=384 iters=1 reps=5 min_ns=254016000 mean_ns=254032800 max_ns=254076000 mul_calls_per_op=0 mul_ns_per_op=0 exp_calls_per_op=0 exp_ns_per_op=0 rc=0
[bench] name=mpi_inv_mod_p256 bits=256 iters=18 reps=5 min_ns=10682500 mean_ns=10682577 max_ns=10682888 mul_calls_per_op=0 mul_ns_per_op=0 exp_calls_per_op=0 exp_ns_per_op=0 rc=0
[bench] name=mpi_mul bits=256 iters=4255 reps=5 min_ns=8741 mean_ns=8741 max_ns=8742 mul_calls_per_op=0 mul_ns_per_op=0 exp_calls_per_op=0 exp_ns_per_op=0 rc=0
[bench] name=mpi_mul bits=512 iters=5405 reps=5 min_ns=23549 mean_ns=23549 max_ns=23550 mul_calls_per_op=0 mul_ns_per_op=0 exp_calls_per_op=0 exp_ns_per_op=0 rc=0
[bench] name=mpi_mul bits=1024 iters=2173 reps=5 min_ns=75775 mean_ns=75775 max_ns=75775 mul_calls_per_op=0 mul_ns_per_op=0 exp_calls_per_op=0 exp_ns_per_op=0 rc=0
[bench] name=mpi_mul bits=2048 iters=701 reps=5 min_ns=270669 mean_ns=270670 max_ns=270677 mul_calls_per_op=0 mul_ns_per_op=0 exp_calls_per_op=0 exp_ns_per_op=0 rc=0
[bench] name=mpi_mul bits=4096 iters=191 reps=5 min_ns=1022246 mean_ns=1022250 max_ns=1022251 mul_calls_per_op=0 mul_ns_per_op=0 exp_calls_per_op=0 exp_ns_per_op=0 rc=0
[bench] name=mpi_mul_hooked bits=256 iters=14285 reps=5 min_ns=9792 mean_ns=9792 max_ns=9792 mul_calls_per_op=0 mul_ns_per_op=0 exp_calls_per_op=0 exp_ns_per_op=0 rc=0
[bench] name=mpi_exp_mod_e65537 bits=2048 iters=3 reps=5 min_ns=54955333 mean_ns=54956800 max_ns=54962666 mul_calls_per_op=0 mul_ns_per_op=0 exp_calls_per_op=0 exp_ns_per_op=0 rc=0
[bench] name=mpi_exp_mod_e65537 bits=4096 iters=1 reps=5 min_ns=189773000 mean_ns=189774800 max_ns=189782000 mul_calls_per_op=0 mul_ns_per_op=0 exp_calls_per_op=0 exp_ns_per_op=0 rc=0
[done] free_internal=375540
