ets Jul 29 2019 12:21:46

rst:0x1 (POWERON_RESET),boot:0x13 (SPI_FAST_FLASH_BOOT)
configsip: 0, SPIWP:0xee
clk_drv:0x00,q_drv:0x00,d_drv:0x00,cs0_drv:0x00,hd_drv:0x00,wp_drv:0x00
mode:DIO, clock div:2
load:0x3fff0040,len:6272
load:0x40078000,len:15820
load:0x40080400,len:3920
entry 0x40080644
I (27) boot: ESP-IDF v6.0.2-dirty 2nd stage bootloader
I (27) boot: compile time Aug 25 2026 20:19:46
I (28) boot: Multicore bootloader
I (29) boot: chip revision: v3.1
I (32) boot.esp32: SPI Speed      : 40MHz
I (36) boot.esp32: SPI Mode       : DIO
I (39) boot.esp32: SPI Flash Size : 8MB
I (43) boot: Enabling RNG early entropy source...
I (47) boot: Partition Table:
I (50) boot: ## Label            Usage          Type ST Offset   Length
I (56) boot:  0 nvs              WiFi data        01 02 00009000 00006000
I (63) boot:  1 phy_init         RF data          01 01 0000f000 00001000
I (69) boot:  2 factory          factory app      00 00 00010000 00100000
I (76) boot: End of partition table
I (79) esp_image: segment 0: paddr=00010020 vaddr=3f400020 size=0e928h ( 59688) map
I (108) esp_image: segment 1: paddr=0001e950 vaddr=3ffb0000 size=016c8h (  5832) load
I (111) esp_image: segment 2: paddr=00020020 vaddr=400d0020 size=14c64h ( 85092) map
I (142) esp_image: segment 3: paddr=00034c8c vaddr=3ffb16c8 size=0115ch (  4444) load
I (144) esp_image: segment 4: paddr=00035df0 vaddr=40080000 size=09624h ( 38436) load
I (162) esp_image: segment 5: paddr=0003f41c vaddr=50000000 size=00028h (    40) load
I (167) boot: Loaded app from partition at offset 0x10000
I (167) boot: Disabling RNG early entropy source...
I (180) cpu_start: Multicore app
I (188) cpu_start: GPIO 3 and 1 are used as console UART I/O pins
I (188) cpu_start: Pro cpu start user code
I (188) cpu_start: cpu freq: 240000000 Hz
I (190) app_init: Application information:
I (194) app_init: Project name:     mbedtls_perf
I (198) app_init: App version:      v0.3.3-83-ge2e10a0-dirty
I (204) app_init: Compile time:     Aug 25 2026 20:18:39
I (209) app_init: ELF file SHA256:  6bb806e4f...
I (213) app_init: ESP-IDF:          v6.0.2-dirty
I (217) efuse_init: Min chip rev:     v0.0
I (221) efuse_init: Max chip rev:     v3.99 
I (225) efuse_init: Chip rev:         v3.1
I (229) heap_init: Initializing. RAM available for dynamic allocation:
I (235) heap_init: At 3FFAE6E0 len 00001920 (6 KiB): DRAM
I (240) heap_init: At 3FFB33E0 len 0002CC20 (179 KiB): DRAM
I (246) heap_init: At 3FFE0440 len 00003AE0 (14 KiB): D/IRAM
I (251) heap_init: At 3FFE4350 len 0001BCB0 (111 KiB): D/IRAM
I (257) heap_init: At 40089624 len 000169DC (90 KiB): IRAM
I (263) spi_flash: detected chip: generic
I (265) spi_flash: flash io: dio
I (270) main_task: Started on CPU0
I (270) main_task: Calling app_main()
I (270) main_task: Returned from app_main()

[id] mbedtls=4.1.0 idf=v6.0.2-dirty hw_mul=0 hw_exp=0 fixed_point=1 wrap=0 cpu_mhz=240 opt=mbedtls-Os core=1 free_internal=370832
[vec] d=C9AFA9D845BA75166B5C215767B1D6934E50C3DB36E89B127B8A622B120F6721
[vec] sig_r=EFD48B2AACB6A8FD1140DD9CD45E81D69D2C877B56AAF991C34D0EA84EAF3716
[vec] sig_s=F7CB1C942D657C41D436C7A1B6E29F65F3E900DBB9AFF4064DC4AB2F843ACDA8
[vec] sig384_r=ABCCC2AE1048B40BFA4E9F251FCA293F993B591897D5C85703F8883868BC7530182739F0C625F77E7F4073F91906759F
[vec] sig384_s=553C1A04BDC6DE6E164EA7C09C1E2D8FB4A35F1773CAF82FBED80E7F1B7BF15B09F6B1C6AA4FEECCDCAA0C0924B7EF61
[bench] name=ecdsa_verify_p256 bits=256 iters=1 reps=5 min_ns=230534000 mean_ns=230540600 max_ns=230554000 mul_calls_per_op=0 mul_ns_per_op=0 exp_calls_per_op=0 exp_ns_per_op=0 rc=0
[ok] no-wrap control build: hooks are not linked, so every call count and mul_ns_per_op below reads zero by construction. Timings here carry no instrumentation.
[bench] name=ecp_mul_p256 bits=256 iters=3 reps=5 min_ns=53885000 mean_ns=53886000 max_ns=53887666 mul_calls_per_op=0 mul_ns_per_op=0 exp_calls_per_op=0 exp_ns_per_op=0 rc=0
[bench] name=ecdsa_verify_p384 bits=384 iters=1 reps=5 min_ns=475011000 mean_ns=475032600 max_ns=475039000 mul_calls_per_op=0 mul_ns_per_op=0 exp_calls_per_op=0 exp_ns_per_op=0 rc=0
[bench] name=ecp_mul_p384 bits=384 iters=1 reps=5 min_ns=101144000 mean_ns=101151800 max_ns=101155000 mul_calls_per_op=0 mul_ns_per_op=0 exp_calls_per_op=0 exp_ns_per_op=0 rc=0
[bench] name=mpi_inv_mod_p256 bits=256 iters=16 reps=5 min_ns=12233187 mean_ns=12233250 max_ns=12233500 mul_calls_per_op=0 mul_ns_per_op=0 exp_calls_per_op=0 exp_ns_per_op=0 rc=0
[bench] name=mpi_mul bits=256 iters=2702 reps=5 min_ns=11283 mean_ns=11283 max_ns=11283 mul_calls_per_op=0 mul_ns_per_op=0 exp_calls_per_op=0 exp_ns_per_op=0 rc=0
[bench] name=mpi_mul bits=512 iters=2197 reps=5 min_ns=32055 mean_ns=32055 max_ns=32055 mul_calls_per_op=0 mul_ns_per_op=0 exp_calls_per_op=0 exp_ns_per_op=0 rc=0
[bench] name=mpi_mul bits=1024 iters=1234 reps=5 min_ns=106565 mean_ns=106565 max_ns=106565 mul_calls_per_op=0 mul_ns_per_op=0 exp_calls_per_op=0 exp_ns_per_op=0 rc=0
[bench] name=mpi_mul bits=2048 iters=446 reps=5 min_ns=391286 mean_ns=391287 max_ns=391291 mul_calls_per_op=0 mul_ns_per_op=0 exp_calls_per_op=0 exp_ns_per_op=0 rc=0
[bench] name=mpi_mul bits=4096 iters=128 reps=5 min_ns=1496109 mean_ns=1496110 max_ns=1496117 mul_calls_per_op=0 mul_ns_per_op=0 exp_calls_per_op=0 exp_ns_per_op=0 rc=0
[bench] name=mpi_mul_hooked bits=256 iters=3571 reps=5 min_ns=12292 mean_ns=12292 max_ns=12292 mul_calls_per_op=0 mul_ns_per_op=0 exp_calls_per_op=0 exp_ns_per_op=0 rc=0
[bench] name=mpi_exp_mod_e65537 bits=2048 iters=2 reps=5 min_ns=74496000 mean_ns=74500800 max_ns=74502000 mul_calls_per_op=0 mul_ns_per_op=0 exp_calls_per_op=0 exp_ns_per_op=0 rc=0
[bench] name=mpi_exp_mod_e65537 bits=4096 iters=1 reps=5 min_ns=262840000 mean_ns=262850400 max_ns=262853000 mul_calls_per_op=0 mul_ns_per_op=0 exp_calls_per_op=0 exp_ns_per_op=0 rc=0
[done] free_internal=368136
