I (103) esp_image: segment 2: paddr=0001cfcc vaddr=40374000 sizedetected chip: generic
I (244) spi_flash: flash ESP-ROM:esp32s3-20210327
Build:Mar 27 2021
rst:0x15 (USB_UART_CHIP_RESET),boot:0x8 (SPI_FAST_FLASH_BOOT)
Saved PC:0x40048839
SPIWP:0xee
mode:DIO, clock div:2
load:0x3fce2820,len:0x14f0
load:0x403c8700,len:0xda0
load:0x403cb700,len:0x2f54
entry 0x403c8908
I (27) boot: ESP-IDF v6.0.2-dirty 2nd stage bootloader
I (27) boot: compile time Aug 30 2026 11:18:21
I (27) boot: Multicore bootloader
I (28) boot: chip revision: v0.2
I (31) boot: efuse block revision: v1.4
I (34) boot.esp32s3: Boot SPI Speed : 40MHz
I (38) boot.esp32s3: SPI Mode       : DIO
I (42) boot.esp32s3: SPI Flash Size : 8MB
I (45) boot: Enabling RNG early entropy source...
I (50) boot: Partition Table:
I (53) boot: ## Label            Usage          Type ST Offset   Length
I (59) boot:  0 nvs              WiFi data        01 02 00009000 00006000
I (65) boot:  1 phy_init         RF data          01 01 0000f000 00001000
I (72) boot:  2 factory          factory app      00 00 00010000 00100000
I (78) boot: End of partition table
I (82) esp_image: segment 0: paddr=00010020 vaddr=3c020020 size=0a08ch ( 41100) map
I (100) esp_image: segment 1: paddr=0001a0b4 vaddr=3fc8ed00 size=02f10h ( 12048) load
I (103) esp_image: segment 2: paddr=0001cfcc vaddr=40374000 size=0304ch ( 12364) load
I (108) esp_image: segment 3: paddr=00020020 vaddr=42000020 size=160f0h ( 90352) map
I (134) esp_image: segment 4: paddr=00036118 vaddr=4037704c size=07bd8h ( 31704) load
I (144) esp_image: segment 5: paddr=0003dcf8 vaddr=50000000 size=00024h (    36) load
I (149) boot: Loaded app from partition at offset 0x10000
I (150) boot: Disabling RNG early entropy source...
I (162) cpu_start: Multicore app
I (171) cpu_start: GPIO 44 and 43 are used as console UART I/O pins
I (172) cpu_start: Pro cpu start user code
I (172) cpu_start: cpu freq: 240000000 Hz
I (173) app_init: Application information:
I (177) app_init: Project name:     mbedtls_perf
I (181) app_init: App version:      v0.3.3-95-g51547ec-dirty
I (187) app_init: Compile time:     Aug 30 2026 11:17:06
I (192) app_init: ELF file SHA256:  8a1a414ba...
I (196) app_init: ESP-IDF:          v6.0.2-dirty
I (200) efuse_init: Min chip rev:     v0.0
I (204) efuse_init: Max chip rev:     v0.99 
I (208) efuse_init: Chip rev:         v0.2
I (212) heap_init: Initializing. RAM available for dynamic allocation:
I (218) heap_init: At 3FC92810 len 00056F00 (347 KiB): RAM
I (223) heap_init: At 3FCE9710 len 00005724 (21 KiB): RAM
I (228) heap_init: At 3FCF0000 len 00008000 (32 KiB): DRAM
I (234) heap_init: At 600FE000 len 00001FE8 (7 KiB): RTCRAM
I (240) spi_flash: detected chip: generic
I (243) spi_flash: flash io: dio
W (246) spi_flash: Detected size(16384k) larger than the size in the binary image header(8192k). Using the size in the binary image header.
I (258) sleep_gpio: Configure to isolate all GPIO pins in sleep state
I (264) sleep_gpio: Enable automatic switching of GPIO sleep configuration
I (271) main_task: Started on CPU0
I (271) main_task: Calling app_main()
I (281) main_task: Returned from app_main()

[id] mbedtls=4.1.0 idf=v6.0.2-dirty hw_mul=1 hw_exp=1 fixed_point=0 wrap=0 cpu_mhz=240 opt=mbedtls-Os core=1 free_internal=378048
[vec] d=C9AFA9D845BA75166B5C215767B1D6934E50C3DB36E89B127B8A622B120F6721
[vec] sig_r=EFD48B2AACB6A8FD1140DD9CD45E81D69D2C877B56AAF991C34D0EA84EAF3716
[vec] sig_s=F7CB1C942D657C41D436C7A1B6E29F65F3E900DBB9AFF4064DC4AB2F843ACDA8
[vec] sig384_r=ABCCC2AE1048B40BFA4E9F251FCA293F993B591897D5C85703F8883868BC7530182739F0C625F77E7F4073F91906759F
[vec] sig384_s=553C1A04BDC6DE6E164EA7C09C1E2D8FB4A35F1773CAF82FBED80E7F1B7BF15B09F6B1C6AA4FEECCDCAA0C0924B7EF61
[bench] name=ecdsa_verify_p256 bits=256 iters=1 reps=5 min_ns=302065000 mean_ns=302100400 max_ns=302139000 mul_calls_per_op=0 mul_ns_per_op=0 exp_calls_per_op=0 exp_ns_per_op=0 rc=0
[ok] no-wrap control build: hooks are not linked, so every call count and mul_ns_per_op below reads zero by construction. Timings here carry no instrumentation.
[bench] name=ecp_mul_p256 bits=256 iters=1 reps=5 min_ns=139752000 mean_ns=139836400 max_ns=139861000 mul_calls_per_op=0 mul_ns_per_op=0 exp_calls_per_op=0 exp_ns_per_op=0 rc=0
[bench] name=ecdsa_verify_p384 bits=384 iters=1 reps=5 min_ns=575264000 mean_ns=575339200 max_ns=575358000 mul_calls_per_op=0 mul_ns_per_op=0 exp_calls_per_op=0 exp_ns_per_op=0 rc=0
[bench] name=ecp_mul_p384 bits=384 iters=1 reps=5 min_ns=263753000 mean_ns=263777600 max_ns=263826000 mul_calls_per_op=0 mul_ns_per_op=0 exp_calls_per_op=0 exp_ns_per_op=0 rc=0
[bench] name=mpi_inv_mod_p256 bits=256 iters=18 reps=5 min_ns=10683222 mean_ns=10683288 max_ns=10683555 mul_calls_per_op=0 mul_ns_per_op=0 exp_calls_per_op=0 exp_ns_per_op=0 rc=0
[bench] name=mpi_mul bits=256 iters=1526 reps=5 min_ns=15756 mean_ns=15758 max_ns=15763 mul_calls_per_op=0 mul_ns_per_op=0 exp_calls_per_op=0 exp_ns_per_op=0 rc=0
[bench] name=mpi_mul bits=512 iters=5555 reps=5 min_ns=23639 mean_ns=23639 max_ns=23639 mul_calls_per_op=0 mul_ns_per_op=0 exp_calls_per_op=0 exp_ns_per_op=0 rc=0
[bench] name=mpi_mul bits=1024 iters=3076 reps=5 min_ns=49097 mean_ns=49098 max_ns=49101 mul_calls_per_op=0 mul_ns_per_op=0 exp_calls_per_op=0 exp_ns_per_op=0 rc=0
[bench] name=mpi_mul bits=2048 iters=1324 reps=5 min_ns=138263 mean_ns=138264 max_ns=138268 mul_calls_per_op=0 mul_ns_per_op=0 exp_calls_per_op=0 exp_ns_per_op=0 rc=0
[bench] name=mpi_mul bits=4096 iters=273 reps=5 min_ns=671978 mean_ns=671978 max_ns=671981 mul_calls_per_op=0 mul_ns_per_op=0 exp_calls_per_op=0 exp_ns_per_op=0 rc=0
[bench] name=mpi_mul_hooked bits=256 iters=5714 reps=5 min_ns=26560 mean_ns=26560 max_ns=26560 mul_calls_per_op=0 mul_ns_per_op=0 exp_calls_per_op=0 exp_ns_per_op=0 rc=0
[bench] name=mpi_exp_mod_e65537 bits=2048 iters=9 reps=5 min_ns=20617222 mean_ns=20619333 max_ns=20627777 mul_calls_per_op=0 mul_ns_per_op=0 exp_calls_per_op=0 exp_ns_per_op=0 rc=0
[bench] name=mpi_exp_mod_e65537 bits=4096 iters=2 reps=5 min_ns=74398000 mean_ns=74407100 max_ns=74442500 mul_calls_per_op=0 mul_ns_per_op=0 exp_calls_per_op=0 exp_ns_per_op=0 rc=0
[done] free_internal=375336
