I (103) esp_image: segment 2: paddr=0001cc94 vaddr=40374000 size dio
W (246) spi_flash: Detected size(16384k) largerESP-ROM:esp32s3-20210327
Build:Mar 27 2021
rst:0x15 (USB_UART_CHIP_RESET),boot:0x8 (SPI_FAST_FLASH_BOOT)
Saved PC:0x40048836
SPIWP:0xee
mode:DIO, clock div:2
load:0x3fce2820,len:0x14f0
load:0x403c8700,len:0xda0
load:0x403cb700,len:0x2f54
entry 0x403c8908
I (27) boot: ESP-IDF v6.0.2-dirty 2nd stage bootloader
I (27) boot: compile time Aug 24 2026 23:12:12
I (27) boot: Multicore bootloader
I (28) boot: chip revision: v0.2
I (31) boot: efuse block revision: v1.4
I (34) boot.esp32s3: Boot SPI Speed : 40MHz
I (38) boot.esp32s3: SPI Mode       : DIO
I (42) boot.esp32s3: SPI Flash Size : 8MB
I (45) boot: Enabling RNG early entropy source...
I (50) boot: Partition Table:
I (53) boot: ## Label            Usage          Type ST Offset   Length
I (59) boot:  0 nvs              WiFi data        01 02 00009000 00006000
I (65) boot:  1 phy_init         RF data          01 01 0000f000 00001000
I (72) boot:  2 factory          factory app      00 00 00010000 00100000
I (78) boot: End of partition table
I (82) esp_image: segment 0: paddr=00010020 vaddr=3c020020 size=09d54h ( 40276) map
I (99) esp_image: segment 1: paddr=00019d7c vaddr=3fc8ed00 size=02f10h ( 12048) load
I (103) esp_image: segment 2: paddr=0001cc94 vaddr=40374000 size=03384h ( 13188) load
I (108) esp_image: segment 3: paddr=00020020 vaddr=42000020 size=159d0h ( 88528) map
I (134) esp_image: segment 4: paddr=000359f8 vaddr=40377384 size=07878h ( 30840) load
I (143) esp_image: segment 5: paddr=0003d278 vaddr=50000000 size=00024h (    36) load
I (149) boot: Loaded app from partition at offset 0x10000
I (149) boot: Disabling RNG early entropy source...
I (161) cpu_start: Multicore app
I (170) cpu_start: GPIO 44 and 43 are used as console UART I/O pins
I (171) cpu_start: Pro cpu start user code
I (171) cpu_start: cpu freq: 240000000 Hz
I (172) app_init: Application information:
I (176) app_init: Project name:     mbedtls_perf
I (180) app_init: App version:      v0.3.3-67-g5014910-dirty
I (186) app_init: Compile time:     Aug 24 2026 23:11:40
I (191) app_init: ELF file SHA256:  b515c32f6...
I (195) app_init: ESP-IDF:          v6.0.2-dirty
I (199) efuse_init: Min chip rev:     v0.0
I (203) efuse_init: Max chip rev:     v0.99 
I (207) efuse_init: Chip rev:         v0.2
I (211) heap_init: Initializing. RAM available for dynamic allocation:
I (218) heap_init: At 3FC92710 len 00057000 (348 KiB): RAM
I (223) heap_init: At 3FCE9710 len 00005724 (21 KiB): RAM
I (228) heap_init: At 3FCF0000 len 00008000 (32 KiB): DRAM
I (233) heap_init: At 600FE000 len 00001FE8 (7 KiB): RTCRAM
I (239) spi_flash: detected chip: generic
I (242) spi_flash: flash io: dio
W (245) spi_flash: Detected size(16384k) larger than the size in the binary image header(8192k). Using the size in the binary image header.
I (258) sleep_gpio: Configure to isolate all GPIO pins in sleep state
I (264) sleep_gpio: Enable automatic switching of GPIO sleep configuration
I (271) main_task: Started on CPU0
I (271) main_task: Calling app_main()
I (281) main_task: Returned from app_main()

[id] mbedtls=4.1.0 idf=v6.0.2-dirty hw_mul=0 hw_exp=0 fixed_point=0 wrap=0 cpu_mhz=240 opt=mbedtls-Os core=1 free_internal=378304
[vec] d=C9AFA9D845BA75166B5C215767B1D6934E50C3DB36E89B127B8A622B120F6721
[vec] sig_r=EFD48B2AACB6A8FD1140DD9CD45E81D69D2C877B56AAF991C34D0EA84EAF3716
[vec] sig_s=F7CB1C942D657C41D436C7A1B6E29F65F3E900DBB9AFF4064DC4AB2F843ACDA8
[bench] name=ecdsa_verify_p256 bits=256 iters=1 reps=5 min_ns=193932000 mean_ns=193968800 max_ns=194032000 mul_calls_per_op=0 mul_ns_per_op=0 exp_calls_per_op=0 exp_ns_per_op=0 rc=0
[ok] no-wrap control build: hooks are not linked, so every call count and mul_ns_per_op below reads zero by construction. Timings here carry no instrumentation.
[bench] name=ecp_mul_p256 bits=256 iters=2 reps=5 min_ns=89566000 mean_ns=89569400 max_ns=89576000 mul_calls_per_op=0 mul_ns_per_op=0 exp_calls_per_op=0 exp_ns_per_op=0 rc=0
[bench] name=mpi_inv_mod_p256 bits=256 iters=28 reps=5 min_ns=6816178 mean_ns=6816200 max_ns=6816285 mul_calls_per_op=0 mul_ns_per_op=0 exp_calls_per_op=0 exp_ns_per_op=0 rc=0
[bench] name=mpi_mul bits=256 iters=3333 reps=5 min_ns=7361 mean_ns=7361 max_ns=7362 mul_calls_per_op=0 mul_ns_per_op=0 exp_calls_per_op=0 exp_ns_per_op=0 rc=0
[bench] name=mpi_mul bits=512 iters=5882 reps=5 min_ns=20669 mean_ns=20669 max_ns=20669 mul_calls_per_op=0 mul_ns_per_op=0 exp_calls_per_op=0 exp_ns_per_op=0 rc=0
[bench] name=mpi_mul bits=1024 iters=2439 reps=5 min_ns=69093 mean_ns=69093 max_ns=69095 mul_calls_per_op=0 mul_ns_per_op=0 exp_calls_per_op=0 exp_ns_per_op=0 rc=0
[bench] name=mpi_mul bits=2048 iters=738 reps=5 min_ns=253188 mean_ns=253189 max_ns=253195 mul_calls_per_op=0 mul_ns_per_op=0 exp_calls_per_op=0 exp_ns_per_op=0 rc=0
[bench] name=mpi_mul bits=4096 iters=201 reps=5 min_ns=970358 mean_ns=970358 max_ns=970358 mul_calls_per_op=0 mul_ns_per_op=0 exp_calls_per_op=0 exp_ns_per_op=0 rc=0
[bench] name=mpi_mul_hooked bits=256 iters=15384 reps=5 min_ns=8562 mean_ns=8562 max_ns=8562 mul_calls_per_op=0 mul_ns_per_op=0 exp_calls_per_op=0 exp_ns_per_op=0 rc=0
[bench] name=mpi_exp_mod_e65537 bits=2048 iters=4 reps=5 min_ns=44264000 mean_ns=44267000 max_ns=44277000 mul_calls_per_op=0 mul_ns_per_op=0 exp_calls_per_op=0 exp_ns_per_op=0 rc=0
[bench] name=mpi_exp_mod_e65537 bits=4096 iters=1 reps=5 min_ns=158726000 mean_ns=158729600 max_ns=158736000 mul_calls_per_op=0 mul_ns_per_op=0 exp_calls_per_op=0 exp_ns_per_op=0 rc=0
[done] free_internal=376596
